Archive member included to satisfy reference by file (symbol)

/usr/lib/gcc/arm-none-eabi/4.9.3/../../../arm-none-eabi/lib/armv7-m/libc.a(lib_a-atexit.o)
                              /usr/lib/gcc/arm-none-eabi/4.9.3/../../../arm-none-eabi/lib/armv7-m/crt0.o (atexit)
/usr/lib/gcc/arm-none-eabi/4.9.3/../../../arm-none-eabi/lib/armv7-m/libc.a(lib_a-exit.o)
                              /usr/lib/gcc/arm-none-eabi/4.9.3/../../../arm-none-eabi/lib/armv7-m/crt0.o (exit)
/usr/lib/gcc/arm-none-eabi/4.9.3/../../../arm-none-eabi/lib/armv7-m/libc.a(lib_a-fini.o)
                              /usr/lib/gcc/arm-none-eabi/4.9.3/../../../arm-none-eabi/lib/armv7-m/crt0.o (__libc_fini_array)
/usr/lib/gcc/arm-none-eabi/4.9.3/../../../arm-none-eabi/lib/armv7-m/libc.a(lib_a-impure.o)
                              /usr/lib/gcc/arm-none-eabi/4.9.3/../../../arm-none-eabi/lib/armv7-m/libc.a(lib_a-exit.o) (_global_impure_ptr)
/usr/lib/gcc/arm-none-eabi/4.9.3/../../../arm-none-eabi/lib/armv7-m/libc.a(lib_a-init.o)
                              /usr/lib/gcc/arm-none-eabi/4.9.3/../../../arm-none-eabi/lib/armv7-m/crt0.o (__libc_init_array)
/usr/lib/gcc/arm-none-eabi/4.9.3/../../../arm-none-eabi/lib/armv7-m/libc.a(lib_a-memset.o)
                              /usr/lib/gcc/arm-none-eabi/4.9.3/../../../arm-none-eabi/lib/armv7-m/crt0.o (memset)
/usr/lib/gcc/arm-none-eabi/4.9.3/../../../arm-none-eabi/lib/armv7-m/libc.a(lib_a-__atexit.o)
                              /usr/lib/gcc/arm-none-eabi/4.9.3/../../../arm-none-eabi/lib/armv7-m/libc.a(lib_a-atexit.o) (__register_exitproc)
/usr/lib/gcc/arm-none-eabi/4.9.3/../../../arm-none-eabi/lib/armv7-m/libc.a(lib_a-__call_atexit.o)
                              /usr/lib/gcc/arm-none-eabi/4.9.3/../../../arm-none-eabi/lib/armv7-m/libc.a(lib_a-exit.o) (__call_exitprocs)
/usr/lib/gcc/arm-none-eabi/4.9.3/../../../arm-none-eabi/lib/armv7-m/libc.a(lib_a-memcmp.o)
                              bluetooth_rxtx.o (memcmp)
/usr/lib/gcc/arm-none-eabi/4.9.3/../../../arm-none-eabi/lib/armv7-m/libc.a(lib_a-memcpy.o)
                              bluetooth_rxtx.o (memcpy)
/usr/lib/gcc/arm-none-eabi/4.9.3/../../../arm-none-eabi/lib/armv7-m/libc.a(lib_a-strlen.o)
                              bluetooth_rxtx.o (strlen)
/usr/lib/gcc/arm-none-eabi/4.9.3/../../../arm-none-eabi/lib/armv7-m/libnosys.a(_exit.o)
                              /usr/lib/gcc/arm-none-eabi/4.9.3/../../../arm-none-eabi/lib/armv7-m/libc.a(lib_a-exit.o) (_exit)

Allocating common symbols
Common symbol       size              file

b                   0x1               bluetooth.o
rx_tc               0x4               bluetooth_rxtx.o
rssi_max            0x1               bluetooth_rxtx.o
used_channels       0x1               bluetooth.o
le_dma_lli          0xb0              bluetooth_rxtx.o
rssi_min            0x1               bluetooth_rxtx.o
afh_map             0xa               bluetooth_rxtx.o
d1                  0x2               bluetooth.o
idle_buf_clk100ns   0x4               bluetooth_rxtx.o
rx_dma_lli2         0x10              bluetooth_rxtx.o
afh_bank            0x4f              bluetooth.o
a1                  0x1               bluetooth.o
cs_timestamp        0x4               bluetooth_rxtx.o
keepalive_trigger   0x1               bluetooth_rxtx.o
clkn                0x4               bluetooth_rxtx.o
active_buf_clkn_high
                    0x4               bluetooth_rxtx.o
fifo                0x2000            ubertooth_usb.o
le_promisc          0x108             bluetooth_rxtx.o
c1                  0x1               bluetooth.o
syncword            0x8               bluetooth_rxtx.o
bank                0x4f              bluetooth.o
unpacked            0x320             bluetooth_rxtx.o
active_buf_clk100ns
                    0x4               bluetooth_rxtx.o
afh_enabled         0x1               bluetooth_rxtx.o
idle_buf_clkn_high  0x4               bluetooth_rxtx.o
rxbuf2              0x32              bluetooth_rxtx.o
abVendorReqData     0x102             ubertooth_usb.o
v_req_handler       0x4               ubertooth_usb.o
rx_dma_lli1         0x10              bluetooth_rxtx.o
e                   0x1               bluetooth.o
rr                  0x5               bluetooth_rxtx.o
rxbuf1              0x32              bluetooth_rxtx.o
rx_err              0x4               bluetooth_rxtx.o
cs_trigger          0x1               bluetooth_rxtx.o
target              0x10              bluetooth_rxtx.o

Discarded input sections

 .text          0x0000000000000000        0x0 /usr/lib/gcc/arm-none-eabi/4.9.3/armv7-m/crti.o
 .data          0x0000000000000000        0x0 /usr/lib/gcc/arm-none-eabi/4.9.3/armv7-m/crti.o
 .bss           0x0000000000000000        0x0 /usr/lib/gcc/arm-none-eabi/4.9.3/armv7-m/crti.o
 .data          0x0000000000000000        0x4 /usr/lib/gcc/arm-none-eabi/4.9.3/armv7-m/crtbegin.o
 .text          0x0000000000000000       0x68 /usr/lib/gcc/arm-none-eabi/4.9.3/../../../arm-none-eabi/lib/armv7-m/crt0.o
 .data          0x0000000000000000        0x0 /usr/lib/gcc/arm-none-eabi/4.9.3/../../../arm-none-eabi/lib/armv7-m/crt0.o
 .bss           0x0000000000000000        0x0 /usr/lib/gcc/arm-none-eabi/4.9.3/../../../arm-none-eabi/lib/armv7-m/crt0.o
 .ARM.extab     0x0000000000000000        0x0 /usr/lib/gcc/arm-none-eabi/4.9.3/../../../arm-none-eabi/lib/armv7-m/crt0.o
 .ARM.exidx     0x0000000000000000        0x8 /usr/lib/gcc/arm-none-eabi/4.9.3/../../../arm-none-eabi/lib/armv7-m/crt0.o
 .debug_line    0x0000000000000000       0x7b /usr/lib/gcc/arm-none-eabi/4.9.3/../../../arm-none-eabi/lib/armv7-m/crt0.o
 .debug_info    0x0000000000000000       0xa8 /usr/lib/gcc/arm-none-eabi/4.9.3/../../../arm-none-eabi/lib/armv7-m/crt0.o
 .debug_abbrev  0x0000000000000000       0x14 /usr/lib/gcc/arm-none-eabi/4.9.3/../../../arm-none-eabi/lib/armv7-m/crt0.o
 .debug_aranges
                0x0000000000000000       0x20 /usr/lib/gcc/arm-none-eabi/4.9.3/../../../arm-none-eabi/lib/armv7-m/crt0.o
 .ARM.attributes
                0x0000000000000000       0x1b /usr/lib/gcc/arm-none-eabi/4.9.3/../../../arm-none-eabi/lib/armv7-m/crt0.o
 .text          0x0000000000000000        0x0 /usr/lib/gcc/arm-none-eabi/4.9.3/../../../arm-none-eabi/lib/armv7-m/libc.a(lib_a-atexit.o)
 .data          0x0000000000000000        0x0 /usr/lib/gcc/arm-none-eabi/4.9.3/../../../arm-none-eabi/lib/armv7-m/libc.a(lib_a-atexit.o)
 .bss           0x0000000000000000        0x0 /usr/lib/gcc/arm-none-eabi/4.9.3/../../../arm-none-eabi/lib/armv7-m/libc.a(lib_a-atexit.o)
 .text          0x0000000000000000        0x0 /usr/lib/gcc/arm-none-eabi/4.9.3/../../../arm-none-eabi/lib/armv7-m/libc.a(lib_a-exit.o)
 .data          0x0000000000000000        0x0 /usr/lib/gcc/arm-none-eabi/4.9.3/../../../arm-none-eabi/lib/armv7-m/libc.a(lib_a-exit.o)
 .bss           0x0000000000000000        0x0 /usr/lib/gcc/arm-none-eabi/4.9.3/../../../arm-none-eabi/lib/armv7-m/libc.a(lib_a-exit.o)
 .text.exit     0x0000000000000000       0x20 /usr/lib/gcc/arm-none-eabi/4.9.3/../../../arm-none-eabi/lib/armv7-m/libc.a(lib_a-exit.o)
 .debug_info    0x0000000000000000      0x8e4 /usr/lib/gcc/arm-none-eabi/4.9.3/../../../arm-none-eabi/lib/armv7-m/libc.a(lib_a-exit.o)
 .debug_abbrev  0x0000000000000000      0x1e6 /usr/lib/gcc/arm-none-eabi/4.9.3/../../../arm-none-eabi/lib/armv7-m/libc.a(lib_a-exit.o)
 .debug_loc     0x0000000000000000       0x1e /usr/lib/gcc/arm-none-eabi/4.9.3/../../../arm-none-eabi/lib/armv7-m/libc.a(lib_a-exit.o)
 .debug_aranges
                0x0000000000000000       0x20 /usr/lib/gcc/arm-none-eabi/4.9.3/../../../arm-none-eabi/lib/armv7-m/libc.a(lib_a-exit.o)
 .debug_ranges  0x0000000000000000       0x10 /usr/lib/gcc/arm-none-eabi/4.9.3/../../../arm-none-eabi/lib/armv7-m/libc.a(lib_a-exit.o)
 .debug_line    0x0000000000000000      0x175 /usr/lib/gcc/arm-none-eabi/4.9.3/../../../arm-none-eabi/lib/armv7-m/libc.a(lib_a-exit.o)
 .debug_str     0x0000000000000000      0x595 /usr/lib/gcc/arm-none-eabi/4.9.3/../../../arm-none-eabi/lib/armv7-m/libc.a(lib_a-exit.o)
 .comment       0x0000000000000000       0x39 /usr/lib/gcc/arm-none-eabi/4.9.3/../../../arm-none-eabi/lib/armv7-m/libc.a(lib_a-exit.o)
 .debug_frame   0x0000000000000000       0x28 /usr/lib/gcc/arm-none-eabi/4.9.3/../../../arm-none-eabi/lib/armv7-m/libc.a(lib_a-exit.o)
 .ARM.attributes
                0x0000000000000000       0x2d /usr/lib/gcc/arm-none-eabi/4.9.3/../../../arm-none-eabi/lib/armv7-m/libc.a(lib_a-exit.o)
 .text          0x0000000000000000        0x0 /usr/lib/gcc/arm-none-eabi/4.9.3/../../../arm-none-eabi/lib/armv7-m/libc.a(lib_a-fini.o)
 .data          0x0000000000000000        0x0 /usr/lib/gcc/arm-none-eabi/4.9.3/../../../arm-none-eabi/lib/armv7-m/libc.a(lib_a-fini.o)
 .bss           0x0000000000000000        0x0 /usr/lib/gcc/arm-none-eabi/4.9.3/../../../arm-none-eabi/lib/armv7-m/libc.a(lib_a-fini.o)
 .text          0x0000000000000000        0x0 /usr/lib/gcc/arm-none-eabi/4.9.3/../../../arm-none-eabi/lib/armv7-m/libc.a(lib_a-impure.o)
 .data          0x0000000000000000        0x0 /usr/lib/gcc/arm-none-eabi/4.9.3/../../../arm-none-eabi/lib/armv7-m/libc.a(lib_a-impure.o)
 .bss           0x0000000000000000        0x0 /usr/lib/gcc/arm-none-eabi/4.9.3/../../../arm-none-eabi/lib/armv7-m/libc.a(lib_a-impure.o)
 .data._impure_ptr
                0x0000000000000000        0x4 /usr/lib/gcc/arm-none-eabi/4.9.3/../../../arm-none-eabi/lib/armv7-m/libc.a(lib_a-impure.o)
 .text          0x0000000000000000        0x0 /usr/lib/gcc/arm-none-eabi/4.9.3/../../../arm-none-eabi/lib/armv7-m/libc.a(lib_a-init.o)
 .data          0x0000000000000000        0x0 /usr/lib/gcc/arm-none-eabi/4.9.3/../../../arm-none-eabi/lib/armv7-m/libc.a(lib_a-init.o)
 .bss           0x0000000000000000        0x0 /usr/lib/gcc/arm-none-eabi/4.9.3/../../../arm-none-eabi/lib/armv7-m/libc.a(lib_a-init.o)
 .text          0x0000000000000000        0x0 /usr/lib/gcc/arm-none-eabi/4.9.3/../../../arm-none-eabi/lib/armv7-m/libc.a(lib_a-memset.o)
 .data          0x0000000000000000        0x0 /usr/lib/gcc/arm-none-eabi/4.9.3/../../../arm-none-eabi/lib/armv7-m/libc.a(lib_a-memset.o)
 .bss           0x0000000000000000        0x0 /usr/lib/gcc/arm-none-eabi/4.9.3/../../../arm-none-eabi/lib/armv7-m/libc.a(lib_a-memset.o)
 .text          0x0000000000000000        0x0 /usr/lib/gcc/arm-none-eabi/4.9.3/../../../arm-none-eabi/lib/armv7-m/libc.a(lib_a-__atexit.o)
 .data          0x0000000000000000        0x0 /usr/lib/gcc/arm-none-eabi/4.9.3/../../../arm-none-eabi/lib/armv7-m/libc.a(lib_a-__atexit.o)
 .bss           0x0000000000000000        0x0 /usr/lib/gcc/arm-none-eabi/4.9.3/../../../arm-none-eabi/lib/armv7-m/libc.a(lib_a-__atexit.o)
 .text          0x0000000000000000        0x0 /usr/lib/gcc/arm-none-eabi/4.9.3/../../../arm-none-eabi/lib/armv7-m/libc.a(lib_a-__call_atexit.o)
 .data          0x0000000000000000        0x0 /usr/lib/gcc/arm-none-eabi/4.9.3/../../../arm-none-eabi/lib/armv7-m/libc.a(lib_a-__call_atexit.o)
 .bss           0x0000000000000000        0x0 /usr/lib/gcc/arm-none-eabi/4.9.3/../../../arm-none-eabi/lib/armv7-m/libc.a(lib_a-__call_atexit.o)
 .text.__call_exitprocs
                0x0000000000000000       0xd4 /usr/lib/gcc/arm-none-eabi/4.9.3/../../../arm-none-eabi/lib/armv7-m/libc.a(lib_a-__call_atexit.o)
 .text          0x0000000000000000        0x0 bluetooth_rxtx.o
 .text          0x0000000000000000        0x0 bluetooth.o
 .data          0x0000000000000000        0x4 bluetooth.o
 .bss           0x0000000000000000        0x0 bluetooth.o
 .text.find_access_code
                0x0000000000000000      0x128 bluetooth.o
 .text          0x0000000000000000        0x0 bluetooth_le.o
 .bss           0x0000000000000000        0x4 bluetooth_le.o
 .rodata        0x0000000000000000      0x87c bluetooth_le.o
 .text          0x0000000000000000        0x0 ubertooth_usb.o
 .data          0x0000000000000000        0x4 ubertooth_usb.o
 .text          0x0000000000000000        0x0 cc2400_rangetest.o
 .bss           0x0000000000000000        0x0 cc2400_rangetest.o
 .text          0x0000000000000000        0x0 ego.o
 .bss           0x0000000000000000        0x0 ego.o
 .text          0x0000000000000000        0x0 usb_serial.o
 .data          0x0000000000000000        0xc usb_serial.o
 .bss           0x0000000000000000      0x168 usb_serial.o
 .rodata        0x0000000000000000       0xd2 usb_serial.o
 .text.HandleClassRequest
                0x0000000000000000       0x54 usb_serial.o
 .text.BulkOut  0x0000000000000000       0x68 usb_serial.o
 .text.SendNextBulkIn
                0x0000000000000000       0x88 usb_serial.o
 .text.BulkIn   0x0000000000000000       0x20 usb_serial.o
 .text.USBFrameHandler
                0x0000000000000000       0x34 usb_serial.o
 .text.USBDevIntHandler
                0x0000000000000000       0x28 usb_serial.o
 .text.VCOM_init
                0x0000000000000000       0x3c usb_serial.o
 .text.VCOM_putchar
                0x0000000000000000       0x30 usb_serial.o
 .text.VCOM_getchar
                0x0000000000000000       0x2c usb_serial.o
 .text.usb_serial_init
                0x0000000000000000       0x74 usb_serial.o
 .text          0x0000000000000000        0x0 serial_fifo.o
 .data          0x0000000000000000        0x0 serial_fifo.o
 .bss           0x0000000000000000        0x0 serial_fifo.o
 .text.fifo_init
                0x0000000000000000       0x28 serial_fifo.o
 .text.fifo_put
                0x0000000000000000       0x58 serial_fifo.o
 .text.fifo_get
                0x0000000000000000       0x5c serial_fifo.o
 .text.fifo_avail
                0x0000000000000000       0x38 serial_fifo.o
 .text.fifo_free
                0x0000000000000000       0x1c serial_fifo.o
 .debug_info    0x0000000000000000      0x19e serial_fifo.o
 .debug_abbrev  0x0000000000000000       0xf5 serial_fifo.o
 .debug_aranges
                0x0000000000000000       0x40 serial_fifo.o
 .debug_ranges  0x0000000000000000       0x30 serial_fifo.o
 .debug_line    0x0000000000000000       0xac serial_fifo.o
 .debug_str     0x0000000000000000      0x180 serial_fifo.o
 .comment       0x0000000000000000       0x39 serial_fifo.o
 .debug_frame   0x0000000000000000       0xd8 serial_fifo.o
 .ARM.attributes
                0x0000000000000000       0x33 serial_fifo.o
 .text          0x0000000000000000        0x0 LPC17xx_Startup.o
 .data          0x0000000000000000        0x0 LPC17xx_Startup.o
 .bss           0x0000000000000000        0x0 LPC17xx_Startup.o
 .text          0x0000000000000000        0x0 LPC17xx_Interrupts.o
 .data          0x0000000000000000        0x0 LPC17xx_Interrupts.o
 .bss           0x0000000000000000        0x0 LPC17xx_Interrupts.o
 .text          0x0000000000000000        0x0 ubertooth.o
 .data          0x0000000000000000        0x4 ubertooth.o
 .text.wait_ms  0x0000000000000000       0x20 ubertooth.o
 .text.cc2400_tune_rx
                0x0000000000000000       0x20 ubertooth.o
 .text.cc2400_tune_tx
                0x0000000000000000       0x1c ubertooth.o
 .text.cc2400_hop_rx
                0x0000000000000000       0x5c ubertooth.o
 .text.cc2400_hop_tx
                0x0000000000000000       0x5c ubertooth.o
 .text          0x0000000000000000        0x0 usbcontrol.o
 .data          0x0000000000000000        0x0 usbcontrol.o
 .text          0x0000000000000000        0x0 usbinit.o
 .data          0x0000000000000000        0x0 usbinit.o
 .text          0x0000000000000000        0x0 usbhw_lpc.o
 .data          0x0000000000000000        0x0 usbhw_lpc.o
 .text.USBHwRegisterFrameHandler
                0x0000000000000000       0x2c usbhw_lpc.o
 .text.fast_wait
                0x0000000000000000       0x24 usbhw_lpc.o
 .text.USBHwISOCEPRead
                0x0000000000000000       0xe4 usbhw_lpc.o
 .text.USBSetupDMADescriptor
                0x0000000000000000       0xa8 usbhw_lpc.o
 .text.USBDisableDMAForEndpoint
                0x0000000000000000       0x38 usbhw_lpc.o
 .text.USBEnableDMAForEndpoint
                0x0000000000000000       0x38 usbhw_lpc.o
 .text.USBInitializeISOCFrameArray
                0x0000000000000000       0x58 usbhw_lpc.o
 .text.USBSetHeadDDForDMA
                0x0000000000000000       0x34 usbhw_lpc.o
 .text.USBInitializeUSBDMA
                0x0000000000000000       0x3c usbhw_lpc.o
 .text          0x0000000000000000        0x0 usbstdreq.o
 .text.USBRegisterCustomReqHandler
                0x0000000000000000       0x1c usbstdreq.o
 .text          0x0000000000000000        0x0 /usr/lib/gcc/arm-none-eabi/4.9.3/../../../arm-none-eabi/lib/armv7-m/libc.a(lib_a-memcmp.o)
 .data          0x0000000000000000        0x0 /usr/lib/gcc/arm-none-eabi/4.9.3/../../../arm-none-eabi/lib/armv7-m/libc.a(lib_a-memcmp.o)
 .bss           0x0000000000000000        0x0 /usr/lib/gcc/arm-none-eabi/4.9.3/../../../arm-none-eabi/lib/armv7-m/libc.a(lib_a-memcmp.o)
 .data          0x0000000000000000        0x0 /usr/lib/gcc/arm-none-eabi/4.9.3/../../../arm-none-eabi/lib/armv7-m/libc.a(lib_a-memcpy.o)
 .bss           0x0000000000000000        0x0 /usr/lib/gcc/arm-none-eabi/4.9.3/../../../arm-none-eabi/lib/armv7-m/libc.a(lib_a-memcpy.o)
 .text          0x0000000000000000        0x0 /usr/lib/gcc/arm-none-eabi/4.9.3/../../../arm-none-eabi/lib/armv7-m/libc.a(lib_a-strlen.o)
 .data          0x0000000000000000        0x0 /usr/lib/gcc/arm-none-eabi/4.9.3/../../../arm-none-eabi/lib/armv7-m/libc.a(lib_a-strlen.o)
 .bss           0x0000000000000000        0x0 /usr/lib/gcc/arm-none-eabi/4.9.3/../../../arm-none-eabi/lib/armv7-m/libc.a(lib_a-strlen.o)
 .text          0x0000000000000000        0x0 /usr/lib/gcc/arm-none-eabi/4.9.3/armv7-m/crtend.o
 .data          0x0000000000000000        0x0 /usr/lib/gcc/arm-none-eabi/4.9.3/armv7-m/crtend.o
 .bss           0x0000000000000000        0x0 /usr/lib/gcc/arm-none-eabi/4.9.3/armv7-m/crtend.o
 .eh_frame      0x0000000000000000        0x4 /usr/lib/gcc/arm-none-eabi/4.9.3/armv7-m/crtend.o
 .jcr           0x0000000000000000        0x4 /usr/lib/gcc/arm-none-eabi/4.9.3/armv7-m/crtend.o
 .text          0x0000000000000000        0x0 /usr/lib/gcc/arm-none-eabi/4.9.3/armv7-m/crtn.o
 .data          0x0000000000000000        0x0 /usr/lib/gcc/arm-none-eabi/4.9.3/armv7-m/crtn.o
 .bss           0x0000000000000000        0x0 /usr/lib/gcc/arm-none-eabi/4.9.3/armv7-m/crtn.o
 .text          0x0000000000000000        0x0 /usr/lib/gcc/arm-none-eabi/4.9.3/../../../arm-none-eabi/lib/armv7-m/libnosys.a(_exit.o)
 .data          0x0000000000000000        0x0 /usr/lib/gcc/arm-none-eabi/4.9.3/../../../arm-none-eabi/lib/armv7-m/libnosys.a(_exit.o)
 .bss           0x0000000000000000        0x0 /usr/lib/gcc/arm-none-eabi/4.9.3/../../../arm-none-eabi/lib/armv7-m/libnosys.a(_exit.o)
 .text._exit    0x0000000000000000        0x4 /usr/lib/gcc/arm-none-eabi/4.9.3/../../../arm-none-eabi/lib/armv7-m/libnosys.a(_exit.o)
 .debug_info    0x0000000000000000       0x58 /usr/lib/gcc/arm-none-eabi/4.9.3/../../../arm-none-eabi/lib/armv7-m/libnosys.a(_exit.o)
 .debug_abbrev  0x0000000000000000       0x55 /usr/lib/gcc/arm-none-eabi/4.9.3/../../../arm-none-eabi/lib/armv7-m/libnosys.a(_exit.o)
 .debug_aranges
                0x0000000000000000       0x20 /usr/lib/gcc/arm-none-eabi/4.9.3/../../../arm-none-eabi/lib/armv7-m/libnosys.a(_exit.o)
 .debug_ranges  0x0000000000000000       0x10 /usr/lib/gcc/arm-none-eabi/4.9.3/../../../arm-none-eabi/lib/armv7-m/libnosys.a(_exit.o)
 .debug_line    0x0000000000000000       0x5d /usr/lib/gcc/arm-none-eabi/4.9.3/../../../arm-none-eabi/lib/armv7-m/libnosys.a(_exit.o)
 .debug_str     0x0000000000000000      0x102 /usr/lib/gcc/arm-none-eabi/4.9.3/../../../arm-none-eabi/lib/armv7-m/libnosys.a(_exit.o)
 .comment       0x0000000000000000       0x39 /usr/lib/gcc/arm-none-eabi/4.9.3/../../../arm-none-eabi/lib/armv7-m/libnosys.a(_exit.o)
 .debug_frame   0x0000000000000000       0x20 /usr/lib/gcc/arm-none-eabi/4.9.3/../../../arm-none-eabi/lib/armv7-m/libnosys.a(_exit.o)
 .ARM.attributes
                0x0000000000000000       0x2d /usr/lib/gcc/arm-none-eabi/4.9.3/../../../arm-none-eabi/lib/armv7-m/libnosys.a(_exit.o)

Memory Configuration

Name             Origin             Length             Attributes
rom              0x0000000000004000 0x000000000001c000 xr
ram              0x0000000010000000 0x0000000000004000 xrw
*default*        0x0000000000000000 0xffffffffffffffff

Linker script and memory map

LOAD /usr/lib/gcc/arm-none-eabi/4.9.3/armv7-m/crti.o
LOAD /usr/lib/gcc/arm-none-eabi/4.9.3/armv7-m/crtbegin.o
LOAD /usr/lib/gcc/arm-none-eabi/4.9.3/../../../arm-none-eabi/lib/armv7-m/crt0.o
START GROUP
LOAD /usr/lib/gcc/arm-none-eabi/4.9.3/../../../arm-none-eabi/lib/armv7-m/libc.a
LOAD /usr/lib/gcc/arm-none-eabi/4.9.3/../../../arm-none-eabi/lib/armv7-m/libg.a
LOAD /usr/lib/gcc/arm-none-eabi/4.9.3/armv7-m/libgcc.a
LOAD /usr/lib/gcc/arm-none-eabi/4.9.3/../../../arm-none-eabi/lib/armv7-m/libm.a
END GROUP
LOAD bluetooth_rxtx.o
LOAD bluetooth.o
LOAD bluetooth_le.o
LOAD ubertooth_usb.o
LOAD cc2400_rangetest.o
LOAD ego.o
LOAD usb_serial.o
LOAD serial_fifo.o
LOAD LPC17xx_Startup.o
LOAD LPC17xx_Interrupts.o
LOAD ubertooth.o
LOAD usbcontrol.o
LOAD usbinit.o
LOAD usbhw_lpc.o
LOAD usbstdreq.o
START GROUP
LOAD /usr/lib/gcc/arm-none-eabi/4.9.3/armv7-m/libgcc.a
LOAD /usr/lib/gcc/arm-none-eabi/4.9.3/../../../arm-none-eabi/lib/armv7-m/libc.a
END GROUP
LOAD /usr/lib/gcc/arm-none-eabi/4.9.3/armv7-m/crtend.o
LOAD /usr/lib/gcc/arm-none-eabi/4.9.3/armv7-m/crtn.o
START GROUP
LOAD /usr/lib/gcc/arm-none-eabi/4.9.3/armv7-m/libgcc.a
LOAD /usr/lib/gcc/arm-none-eabi/4.9.3/../../../arm-none-eabi/lib/armv7-m/libc.a
LOAD /usr/lib/gcc/arm-none-eabi/4.9.3/../../../arm-none-eabi/lib/armv7-m/libm.a
LOAD /usr/lib/gcc/arm-none-eabi/4.9.3/../../../arm-none-eabi/lib/armv7-m/libnosys.a
END GROUP

.text           0x0000000000004000     0x7d20
                0x0000000000004000                . = ALIGN (0x400)
                0x0000000000004000                _interrupt_vector_table = .
 *(.irq_handler_table)
 .irq_handler_table
                0x0000000000004000       0xcc LPC17xx_Interrupts.o
                0x0000000000004000                _NVIC_Handler_Functions
 *(.text .text.* .gnu.linkonce.t.*)
 .text          0x00000000000040cc       0xa4 /usr/lib/gcc/arm-none-eabi/4.9.3/armv7-m/crtbegin.o
 .text.atexit   0x0000000000004170        0xc /usr/lib/gcc/arm-none-eabi/4.9.3/../../../arm-none-eabi/lib/armv7-m/libc.a(lib_a-atexit.o)
                0x0000000000004170                atexit
 .text.__libc_fini_array
                0x000000000000417c       0x2c /usr/lib/gcc/arm-none-eabi/4.9.3/../../../arm-none-eabi/lib/armv7-m/libc.a(lib_a-fini.o)
                0x000000000000417c                __libc_fini_array
 .text.__libc_init_array
                0x00000000000041a8       0x50 /usr/lib/gcc/arm-none-eabi/4.9.3/../../../arm-none-eabi/lib/armv7-m/libc.a(lib_a-init.o)
                0x00000000000041a8                __libc_init_array
 .text.memset   0x00000000000041f8       0x9c /usr/lib/gcc/arm-none-eabi/4.9.3/../../../arm-none-eabi/lib/armv7-m/libc.a(lib_a-memset.o)
                0x00000000000041f8                memset
 .text.__register_exitproc
                0x0000000000004294       0xa4 /usr/lib/gcc/arm-none-eabi/4.9.3/../../../arm-none-eabi/lib/armv7-m/libc.a(lib_a-__atexit.o)
                0x0000000000004294                __register_exitproc
 .text.startup.register_fini
                0x0000000000004338       0x14 /usr/lib/gcc/arm-none-eabi/4.9.3/../../../arm-none-eabi/lib/armv7-m/libc.a(lib_a-__call_atexit.o)
 .text.rssi_reset
                0x000000000000434c       0x34 bluetooth_rxtx.o
 .text.rssi_add
                0x0000000000004380       0x6c bluetooth_rxtx.o
 .text.rssi_iir_update
                0x00000000000043ec       0x98 bluetooth_rxtx.o
 .text.cs_threshold_set
                0x0000000000004484       0x8c bluetooth_rxtx.o
 .text.enqueue  0x0000000000004510      0x1c4 bluetooth_rxtx.o
 .text.enqueue_with_ts
                0x00000000000046d4      0x118 bluetooth_rxtx.o
                0x00000000000046d4                enqueue_with_ts
 .text.cs_threshold_calc_and_set
                0x00000000000047ec       0x74 bluetooth_rxtx.o
 .text.cs_trigger_enable
                0x0000000000004860       0x3c bluetooth_rxtx.o
 .text.cs_trigger_disable
                0x000000000000489c       0x3c bluetooth_rxtx.o
 .text.vendor_request_handler
                0x00000000000048d8      0xaec bluetooth_rxtx.o
 .text.clkn_init
                0x00000000000053c4       0x50 bluetooth_rxtx.o
 .text.TIMER0_IRQHandler
                0x0000000000005414      0x11c bluetooth_rxtx.o
                0x0000000000005414                TIMER0_IRQHandler
 .text.EINT3_IRQHandler
                0x0000000000005530       0x48 bluetooth_rxtx.o
                0x0000000000005530                EINT3_IRQHandler
 .text.msleep   0x0000000000005578       0x40 bluetooth_rxtx.o
 .text.dma_init
                0x00000000000055b8      0x180 bluetooth_rxtx.o
 .text.dma_init_le
                0x0000000000005738      0x1a4 bluetooth_rxtx.o
 .text.bt_stream_dma_handler
                0x00000000000058dc       0xdc bluetooth_rxtx.o
                0x00000000000058dc                bt_stream_dma_handler
 .text.DMA_IRQHandler
                0x00000000000059b8       0x54 bluetooth_rxtx.o
                0x00000000000059b8                DMA_IRQHandler
 .text.dio_ssp_start
                0x0000000000005a0c       0x60 bluetooth_rxtx.o
 .text.dio_ssp_stop
                0x0000000000005a6c       0xc8 bluetooth_rxtx.o
 .text.cc2400_idle
                0x0000000000005b34       0x50 bluetooth_rxtx.o
 .text.cc2400_rx
                0x0000000000005b84       0xbc bluetooth_rxtx.o
 .text.cc2400_rx_sync
                0x0000000000005c40       0xe4 bluetooth_rxtx.o
 .text.le_transmit
                0x0000000000005d24      0x2f8 bluetooth_rxtx.o
                0x0000000000005d24                le_transmit
 .text.le_jam   0x000000000000601c       0x94 bluetooth_rxtx.o
                0x000000000000601c                le_jam
 .text.hop      0x00000000000060b0      0x128 bluetooth_rxtx.o
                0x00000000000060b0                hop
 .text.bt_stream_rx
                0x00000000000061d8      0x260 bluetooth_rxtx.o
                0x00000000000061d8                bt_stream_rx
 .text.le_set_access_address
                0x0000000000006438       0x34 bluetooth_rxtx.o
 .text.reset_le
                0x000000000000646c       0x98 bluetooth_rxtx.o
                0x000000000000646c                reset_le
 .text.reset_le_promisc
                0x0000000000006504       0x20 bluetooth_rxtx.o
                0x0000000000006504                reset_le_promisc
 .text.bt_generic_le
                0x0000000000006524      0x2f8 bluetooth_rxtx.o
                0x0000000000006524                bt_generic_le
 .text.bt_le_sync
                0x000000000000681c      0x55c bluetooth_rxtx.o
                0x000000000000681c                bt_le_sync
 .text.cb_follow_le
                0x0000000000006d78      0x1dc bluetooth_rxtx.o
                0x0000000000006d78                cb_follow_le
 .text.connection_follow_cb
                0x0000000000006f54      0x278 bluetooth_rxtx.o
                0x0000000000006f54                connection_follow_cb
 .text.bt_follow_le
                0x00000000000071cc       0x28 bluetooth_rxtx.o
                0x00000000000071cc                bt_follow_le
 .text.le_promisc_state
                0x00000000000071f4       0x90 bluetooth_rxtx.o
                0x00000000000071f4                le_promisc_state
 .text.promisc_recover_hop_increment
                0x0000000000007284      0x19c bluetooth_rxtx.o
                0x0000000000007284                promisc_recover_hop_increment
 .text.promisc_recover_hop_interval
                0x0000000000007420      0x10c bluetooth_rxtx.o
                0x0000000000007420                promisc_recover_hop_interval
 .text.promisc_follow_cb
                0x000000000000752c       0xbc bluetooth_rxtx.o
                0x000000000000752c                promisc_follow_cb
 .text.see_aa   0x00000000000075e8       0xa8 bluetooth_rxtx.o
                0x00000000000075e8                see_aa
 .text.cb_le_promisc
                0x0000000000007690      0x310 bluetooth_rxtx.o
                0x0000000000007690                cb_le_promisc
 .text.bt_promisc_le
                0x00000000000079a0       0x88 bluetooth_rxtx.o
                0x00000000000079a0                bt_promisc_le
 .text.bt_slave_le
                0x0000000000007a28       0xf8 bluetooth_rxtx.o
                0x0000000000007a28                bt_slave_le
 .text.specan   0x0000000000007b20      0x198 bluetooth_rxtx.o
                0x0000000000007b20                specan
 .text.led_specan
                0x0000000000007cb8      0x19c bluetooth_rxtx.o
                0x0000000000007cb8                led_specan
 .text.main     0x0000000000007e54      0x134 bluetooth_rxtx.o
                0x0000000000007e54                main
 .text.count_bits
                0x0000000000007f88       0x4c bluetooth.o
                0x0000000000007f88                count_bits
 .text.precalc  0x0000000000007fd4      0x220 bluetooth.o
                0x0000000000007fd4                precalc
 .text.perm5    0x00000000000081f4      0x1a4 bluetooth.o
                0x00000000000081f4                perm5
 .text.next_hop
                0x0000000000008398      0x18c bluetooth.o
                0x0000000000008398                next_hop
 .text.btle_next_hop
                0x0000000000008524       0x50 bluetooth_le.o
                0x0000000000008524                btle_next_hop
 .text.btle_channel_index
                0x0000000000008574       0x58 bluetooth_le.o
                0x0000000000008574                btle_channel_index
 .text.btle_channel_index_to_phys
                0x00000000000085cc       0x64 bluetooth_le.o
                0x00000000000085cc                btle_channel_index_to_phys
 .text.btle_calc_crc
                0x0000000000008630       0x88 bluetooth_le.o
                0x0000000000008630                btle_calc_crc
 .text.btle_reverse_crc
                0x00000000000086b8       0xc4 bluetooth_le.o
                0x00000000000086b8                btle_reverse_crc
 .text.btle_crcgen_lut
                0x000000000000877c       0x5c bluetooth_le.o
                0x000000000000877c                btle_crcgen_lut
 .text.usb_vendor_request_handler
                0x00000000000087d8       0x4c ubertooth_usb.o
                0x00000000000087d8                usb_vendor_request_handler
 .text.ubertooth_usb_init
                0x0000000000008824       0x50 ubertooth_usb.o
                0x0000000000008824                ubertooth_usb_init
 .text.queue_init
                0x0000000000008874       0x20 ubertooth_usb.o
                0x0000000000008874                queue_init
 .text.usb_enqueue
                0x0000000000008894       0x60 ubertooth_usb.o
                0x0000000000008894                usb_enqueue
 .text.dequeue  0x00000000000088f4       0x54 ubertooth_usb.o
                0x00000000000088f4                dequeue
 .text.dequeue_send
                0x0000000000008948       0x6c ubertooth_usb.o
                0x0000000000008948                dequeue_send
 .text.handle_usb
                0x00000000000089b4       0x3c ubertooth_usb.o
                0x00000000000089b4                handle_usb
 .text.cc2400_rangetest
                0x00000000000089f0      0x43c cc2400_rangetest.o
                0x00000000000089f0                cc2400_rangetest
 .text.cc2400_repeater
                0x0000000000008e2c      0x270 cc2400_rangetest.o
                0x0000000000008e2c                cc2400_repeater
 .text.cc2400_txtest
                0x000000000000909c       0xac cc2400_rangetest.o
                0x000000000000909c                cc2400_txtest
 .text.ssp_start
                0x0000000000009148       0x34 ego.o
 .text.ssp_stop
                0x000000000000917c       0x28 ego.o
 .text.ego_init
                0x00000000000091a4       0x18 ego.o
 .text.ego_deinit
                0x00000000000091bc       0x1c ego.o
 .text.rf_on    0x00000000000091d8       0xac ego.o
 .text.do_rx    0x0000000000009284       0x4c ego.o
                0x0000000000009284                do_rx
 .text.sync_received
                0x00000000000092d0       0x14 ego.o
 .text.sleep_ms
                0x00000000000092e4       0x44 ego.o
 .text.sleep_ms_anchor
                0x0000000000009328       0x2c ego.o
 .text.sleep_elapsed
                0x0000000000009354       0x60 ego.o
 .text.nop_state
                0x00000000000093b4       0x14 ego.o
                0x00000000000093b4                nop_state
 .text.init_state
                0x00000000000093c8       0x34 ego.o
                0x00000000000093c8                init_state
 .text.start_rf_state
                0x00000000000093fc       0x18 ego.o
                0x00000000000093fc                start_rf_state
 .text.cap_state
                0x0000000000009414       0xe8 ego.o
                0x0000000000009414                cap_state
 .text.sleep_state
                0x00000000000094fc       0x64 ego.o
                0x00000000000094fc                sleep_state
 .text.continuous_init_state
                0x0000000000009560       0x18 ego.o
                0x0000000000009560                continuous_init_state
 .text.continuous_cap_state
                0x0000000000009578       0xd4 ego.o
                0x0000000000009578                continuous_cap_state
 .text.jam_cap_state
                0x000000000000964c       0x80 ego.o
                0x000000000000964c                jam_cap_state
 .text.start_jamming_state
                0x00000000000096cc       0xc4 ego.o
                0x00000000000096cc                start_jamming_state
 .text.jamming_state
                0x0000000000009790       0x7c ego.o
                0x0000000000009790                jamming_state
 .text.jam_sleep_state
                0x000000000000980c       0x30 ego.o
                0x000000000000980c                jam_sleep_state
 .text.ego_main
                0x000000000000983c       0xe4 ego.o
                0x000000000000983c                ego_main
 .text.USB_IRQHandler
                0x0000000000009920        0xc usb_serial.o
                0x0000000000009920                USB_IRQHandler
 .text.Reset_Handler
                0x000000000000992c       0x6c LPC17xx_Startup.o
                0x000000000000992c                Reset_Handler
 .text.Default_Handler
                0x0000000000009998        0x8 LPC17xx_Interrupts.o
                0x0000000000009998                TIMER2_IRQHandler
                0x0000000000009998                DebugMon_Handler
                0x0000000000009998                RIT_IRQHandler
                0x0000000000009998                I2C0_IRQHandler
                0x0000000000009998                HardFault_Handler
                0x0000000000009998                SysTick_Handler
                0x0000000000009998                PWM1_IRQHandler
                0x0000000000009998                PendSV_Handler
                0x0000000000009998                NMI_Handler
                0x0000000000009998                I2C1_IRQHandler
                0x0000000000009998                EINT2_IRQHandler
                0x0000000000009998                UART1_IRQHandler
                0x0000000000009998                TIMER3_IRQHandler
                0x0000000000009998                UART0_IRQHandler
                0x0000000000009998                MemManagement_Handler
                0x0000000000009998                UsageFault_Handler
                0x0000000000009998                PLL0_IRQHandler
                0x0000000000009998                CAN_IRQHandler
                0x0000000000009998                PLL1_IRQHandler
                0x0000000000009998                SSP0_IRQHandler
                0x0000000000009998                I2S_IRQHandler
                0x0000000000009998                I2C2_IRQHandler
                0x0000000000009998                RTC_IRQHandler
                0x0000000000009998                SPI_IRQHandler
                0x0000000000009998                EINT1_IRQHandler
                0x0000000000009998                TIMER1_IRQHandler
                0x0000000000009998                UART2_IRQHandler
                0x0000000000009998                ADC_IRQHandler
                0x0000000000009998                SSP1_IRQHandler
                0x0000000000009998                BOD_IRQHandler
                0x0000000000009998                WDT_IRQHandler
                0x0000000000009998                SVC_Handler
                0x0000000000009998                QEI_IRQHandler
                0x0000000000009998                EINT0_IRQHandler
                0x0000000000009998                USBACT_IRQHandler
                0x0000000000009998                CANACT_IRQHandler
                0x0000000000009998                BusFault_Handler
                0x0000000000009998                UART3_IRQHandler
                0x0000000000009998                MCPWM_IRQHandler
                0x0000000000009998                ENET_IRQHandler
 .text.wait     0x00000000000099a0       0x24 ubertooth.o
                0x00000000000099a0                wait
 .text.rbit     0x00000000000099c4       0x24 ubertooth.o
                0x00000000000099c4                rbit
 .text.wait_us  0x00000000000099e8       0x4c ubertooth.o
                0x00000000000099e8                wait_us
 .text.gpio_init
                0x0000000000009a34       0x74 ubertooth.o
                0x0000000000009a34                gpio_init
 .text.all_pins_off
                0x0000000000009aa8      0x108 ubertooth.o
                0x0000000000009aa8                all_pins_off
 .text.ubertooth_init
                0x0000000000009bb0       0x14 ubertooth.o
                0x0000000000009bb0                ubertooth_init
 .text.dio_ssp_init
                0x0000000000009bc4       0x70 ubertooth.o
                0x0000000000009bc4                dio_ssp_init
 .text.atest_init
                0x0000000000009c34       0x48 ubertooth.o
                0x0000000000009c34                atest_init
 .text.cc2400_init
                0x0000000000009c7c       0x38 ubertooth.o
                0x0000000000009c7c                cc2400_init
 .text.cc2400_spi
                0x0000000000009cb4       0x88 ubertooth.o
                0x0000000000009cb4                cc2400_spi
 .text.cc2400_get
                0x0000000000009d3c       0x2c ubertooth.o
                0x0000000000009d3c                cc2400_get
 .text.cc2400_set
                0x0000000000009d68       0x28 ubertooth.o
                0x0000000000009d68                cc2400_set
 .text.cc2400_get8
                0x0000000000009d90       0x34 ubertooth.o
                0x0000000000009d90                cc2400_get8
 .text.cc2400_set8
                0x0000000000009dc4       0x28 ubertooth.o
                0x0000000000009dc4                cc2400_set8
 .text.cc2400_spi_buf
                0x0000000000009dec       0xec ubertooth.o
                0x0000000000009dec                cc2400_spi_buf
 .text.cc2400_status
                0x0000000000009ed8       0x14 ubertooth.o
                0x0000000000009ed8                cc2400_status
 .text.cc2400_strobe
                0x0000000000009eec       0x20 ubertooth.o
                0x0000000000009eec                cc2400_strobe
 .text.cc2400_reset
                0x0000000000009f0c       0x38 ubertooth.o
                0x0000000000009f0c                cc2400_reset
 .text.clock_start
                0x0000000000009f44      0x1bc ubertooth.o
                0x0000000000009f44                clock_start
 .text.reset    0x000000000000a100       0x3c ubertooth.o
                0x000000000000a100                reset
 .text._HandleRequest
                0x000000000000a13c       0x6c usbcontrol.o
 .text.StallControlPipe
                0x000000000000a1a8       0x34 usbcontrol.o
 .text.DataIn   0x000000000000a1dc       0x48 usbcontrol.o
 .text.USBHandleControlTransfer
                0x000000000000a224      0x160 usbcontrol.o
                0x000000000000a224                USBHandleControlTransfer
 .text.USBRegisterRequestHandler
                0x000000000000a384       0x34 usbcontrol.o
                0x000000000000a384                USBRegisterRequestHandler
 .text.HandleUsbReset
                0x000000000000a3b8       0x14 usbinit.o
 .text.USBInit  0x000000000000a3cc       0x50 usbinit.o
                0x000000000000a3cc                USBInit
 .text.Wait4DevInt
                0x000000000000a41c       0x30 usbhw_lpc.o
 .text.USBHwCmd
                0x000000000000a44c       0x30 usbhw_lpc.o
 .text.USBHwCmdWrite
                0x000000000000a47c       0x34 usbhw_lpc.o
 .text.USBHwCmdRead
                0x000000000000a4b0       0x3c usbhw_lpc.o
 .text.USBHwEPRealize
                0x000000000000a4ec       0x44 usbhw_lpc.o
 .text.USBHwEPEnable
                0x000000000000a530       0x30 usbhw_lpc.o
 .text.USBHwEPConfig
                0x000000000000a560       0x3c usbhw_lpc.o
                0x000000000000a560                USBHwEPConfig
 .text.USBHwRegisterEPIntHandler
                0x000000000000a59c       0x64 usbhw_lpc.o
                0x000000000000a59c                USBHwRegisterEPIntHandler
 .text.USBHwRegisterDevIntHandler
                0x000000000000a600       0x2c usbhw_lpc.o
                0x000000000000a600                USBHwRegisterDevIntHandler
 .text.USBHwSetAddress
                0x000000000000a62c       0x24 usbhw_lpc.o
                0x000000000000a62c                USBHwSetAddress
 .text.USBHwConnect
                0x000000000000a650       0x24 usbhw_lpc.o
                0x000000000000a650                USBHwConnect
 .text.USBHwNakIntEnable
                0x000000000000a674       0x1c usbhw_lpc.o
                0x000000000000a674                USBHwNakIntEnable
 .text.USBHwEPGetStatus
                0x000000000000a690       0x30 usbhw_lpc.o
                0x000000000000a690                USBHwEPGetStatus
 .text.USBHwEPStall
                0x000000000000a6c0       0x48 usbhw_lpc.o
                0x000000000000a6c0                USBHwEPStall
 .text.USBHwEPWrite
                0x000000000000a708       0x9c usbhw_lpc.o
                0x000000000000a708                USBHwEPWrite
 .text.USBHwEPRead
                0x000000000000a7a4       0xcc usbhw_lpc.o
                0x000000000000a7a4                USBHwEPRead
 .text.USBHwConfigDevice
                0x000000000000a870       0x24 usbhw_lpc.o
                0x000000000000a870                USBHwConfigDevice
 .text.USBHwISR
                0x000000000000a894      0x194 usbhw_lpc.o
                0x000000000000a894                USBHwISR
 .text.USBHwInit
                0x000000000000aa28       0xec usbhw_lpc.o
                0x000000000000aa28                USBHwInit
 .text.USBFilterOsVendorMessage
                0x000000000000ab14       0xd0 usbstdreq.o
                0x000000000000ab14                USBFilterOsVendorMessage
 .text.USBRegisterWinusbInterface
                0x000000000000abe4       0x78 usbstdreq.o
                0x000000000000abe4                USBRegisterWinusbInterface
 .text.USBGetOsStringDescriptor
                0x000000000000ac5c       0x34 usbstdreq.o
                0x000000000000ac5c                USBGetOsStringDescriptor
 .text.USBRegisterDescriptors
                0x000000000000ac90       0x1c usbstdreq.o
                0x000000000000ac90                USBRegisterDescriptors
 .text.USBGetDescriptor
                0x000000000000acac       0xb8 usbstdreq.o
                0x000000000000acac                USBGetDescriptor
 .text.USBSetConfiguration
                0x000000000000ad64       0xb8 usbstdreq.o
 .text.HandleStdDeviceReq
                0x000000000000ae1c       0xd4 usbstdreq.o
 .text.HandleStdInterfaceReq
                0x000000000000aef0       0xa0 usbstdreq.o
 .text.HandleStdEndPointReq
                0x000000000000af90       0xd0 usbstdreq.o
 .text.USBHandleStandardRequest
                0x000000000000b060       0x78 usbstdreq.o
                0x000000000000b060                USBHandleStandardRequest
 .text.memcmp   0x000000000000b0d8       0x64 /usr/lib/gcc/arm-none-eabi/4.9.3/../../../arm-none-eabi/lib/armv7-m/libc.a(lib_a-memcmp.o)
                0x000000000000b0d8                memcmp
 .text          0x000000000000b13c       0xec /usr/lib/gcc/arm-none-eabi/4.9.3/../../../arm-none-eabi/lib/armv7-m/libc.a(lib_a-memcpy.o)
                0x000000000000b13c                memcpy
 .text.strlen   0x000000000000b228       0x5c /usr/lib/gcc/arm-none-eabi/4.9.3/../../../arm-none-eabi/lib/armv7-m/libc.a(lib_a-strlen.o)
                0x000000000000b228                strlen
 *(.rodata .rodata.* .gnu.linkonce.r.*)
 .rodata.str1.4
                0x000000000000b284        0x4 /usr/lib/gcc/arm-none-eabi/4.9.3/../../../arm-none-eabi/lib/armv7-m/libc.a(lib_a-impure.o)
 .rodata._global_impure_ptr
                0x000000000000b288        0x4 /usr/lib/gcc/arm-none-eabi/4.9.3/../../../arm-none-eabi/lib/armv7-m/libc.a(lib_a-impure.o)
                0x000000000000b288                _global_impure_ptr
 .rodata        0x000000000000b28c      0x8ee bluetooth_rxtx.o
                0x000000000000bb08                compile_info
 *fill*         0x000000000000bb7a        0x2 
 .rodata        0x000000000000bb7c       0x1e bluetooth.o
 *fill*         0x000000000000bb9a        0x2 
 .rodata        0x000000000000bb9c       0xeb ubertooth_usb.o
                0x000000000000bb9c                abDescriptors
 *fill*         0x000000000000bc87        0x1 
 .rodata        0x000000000000bc88       0x4c ego.o
 .rodata        0x000000000000bcd4       0x28 usbstdreq.o
 *(.eh_frame_hdr)
 *(.eh_frame)
 .eh_frame      0x000000000000bcfc        0x0 /usr/lib/gcc/arm-none-eabi/4.9.3/armv7-m/crtbegin.o
                0x000000000000bcfc                . = ALIGN (0x4)
 *(.init)
 .init          0x000000000000bcfc        0x4 /usr/lib/gcc/arm-none-eabi/4.9.3/armv7-m/crti.o
                0x000000000000bcfc                _init
 .init          0x000000000000bd00        0x8 /usr/lib/gcc/arm-none-eabi/4.9.3/armv7-m/crtn.o
                0x000000000000bd08                . = ALIGN (0x4)
                0x000000000000bd08                __preinit_array_start = .
 *(.preinit_array)
                0x000000000000bd08                __preinit_array_end = .
                0x000000000000bd08                . = ALIGN (0x4)
                0x000000000000bd08                __init_array_start = .
 *(SORT(.init_array.*))
 .init_array.00000
                0x000000000000bd08        0x4 /usr/lib/gcc/arm-none-eabi/4.9.3/../../../arm-none-eabi/lib/armv7-m/libc.a(lib_a-__call_atexit.o)
 *(.init_array)
 .init_array    0x000000000000bd0c        0x4 /usr/lib/gcc/arm-none-eabi/4.9.3/armv7-m/crtbegin.o
                0x000000000000bd10                __init_array_end = .
                0x000000000000bd10                . = ALIGN (0x4)
 *crtbegin.o(.ctors)
 *(EXCLUDE_FILE(*crtend.o) .ctors)
 *(SORT(.ctors.*))
 *crtend.o(.ctors)
                0x000000000000bd10                . = ALIGN (0x4)
 *(.fini)
 .fini          0x000000000000bd10        0x4 /usr/lib/gcc/arm-none-eabi/4.9.3/armv7-m/crti.o
                0x000000000000bd10                _fini
 .fini          0x000000000000bd14        0x8 /usr/lib/gcc/arm-none-eabi/4.9.3/armv7-m/crtn.o
                0x000000000000bd1c                . = ALIGN (0x4)
                0x000000000000bd1c                __fini_array_start = .
 *(.fini_array)
 .fini_array    0x000000000000bd1c        0x4 /usr/lib/gcc/arm-none-eabi/4.9.3/armv7-m/crtbegin.o
 *(SORT(.fini_array.*))
                0x000000000000bd20                __fini_array_end = .
 *crtbegin.o(.dtors)
 *(EXCLUDE_FILE(*crtend.o) .dtors)
 *(SORT(.dtors.*))
 *crtend.o(.dtors)
                0x000000000000bd20                . = ALIGN (0x8)
                0x000000000000bd20                _etext = .

.glue_7         0x000000000000bd20        0x0
 .glue_7        0x000000000000bd20        0x0 linker stubs

.glue_7t        0x000000000000bd20        0x0
 .glue_7t       0x000000000000bd20        0x0 linker stubs

.vfp11_veneer   0x000000000000bd20        0x0
 .vfp11_veneer  0x000000000000bd20        0x0 linker stubs

.v4_bx          0x000000000000bd20        0x0
 .v4_bx         0x000000000000bd20        0x0 linker stubs

.iplt           0x000000000000bd20        0x0
 .iplt          0x000000000000bd20        0x0 /usr/lib/gcc/arm-none-eabi/4.9.3/armv7-m/crtbegin.o

.rel.dyn        0x000000000000bd20        0x0
 .rel.iplt      0x000000000000bd20        0x0 /usr/lib/gcc/arm-none-eabi/4.9.3/armv7-m/crtbegin.o

.ARM.extab
 *(.ARM.extab* .gnu.linkonce.armextab.*)
                0x000000000000bd20                __exidx_start = .

.ARM.exidx
 *(.ARM.exidx* .gnu.linkonce.armexidx.*)
                0x000000000000bd20                __exidx_end = .
                0x000000000000bd20                _etext = .

.persistent     0x0000000010000000       0x20
                0x0000000010000000                _persistent_start = .
                0x0000000010000020                . = (. + 0x20)
 *fill*         0x0000000010000000       0x20 
                0x0000000010000020                _persistent_end = .
                0x000000001000001c                bootloader_ctrl = (_persistent_start + 0x1c)

.data           0x0000000010000020      0x93e load address 0x000000000000bd20
                0x0000000010000020                _data = .
 *(vtable)
 *(.data*)
 .data.impure_data
                0x0000000010000020      0x428 /usr/lib/gcc/arm-none-eabi/4.9.3/../../../arm-none-eabi/lib/armv7-m/libc.a(lib_a-impure.o)
 .data          0x0000000010000448       0x5b bluetooth_rxtx.o
                0x000000001000044c                cs_threshold_req
                0x000000001000044d                cs_threshold_cur
                0x0000000010000450                active_rxbuf
                0x0000000010000454                idle_rxbuf
                0x0000000010000458                le
                0x000000001000049c                channel
                0x000000001000049e                low_freq
                0x00000000100004a0                high_freq
                0x00000000100004a2                rssi_threshold
 *fill*         0x00000000100004a3        0x1 
 .data          0x00000000100004a4      0x404 bluetooth_le.o
                0x00000000100004a8                btle_crc_lut
 .data          0x00000000100008a8        0x4 cc2400_rangetest.o
 .data          0x00000000100008ac        0xc ego.o
                0x00000000100008b0                channels
 .data          0x00000000100008b8       0xa6 usbstdreq.o
                0x000000001000095e                _edata = .

.jcr            0x0000000010000960        0x0 load address 0x000000000000c65e
 .jcr           0x0000000010000960        0x0 /usr/lib/gcc/arm-none-eabi/4.9.3/armv7-m/crtbegin.o

.tm_clone_table
                0x0000000010000960        0x0 load address 0x000000000000c65e
 .tm_clone_table
                0x0000000010000960        0x0 /usr/lib/gcc/arm-none-eabi/4.9.3/armv7-m/crtbegin.o
 .tm_clone_table
                0x0000000010000960        0x0 /usr/lib/gcc/arm-none-eabi/4.9.3/armv7-m/crtend.o

.igot.plt       0x0000000010000960        0x0 load address 0x000000000000c65e
 .igot.plt      0x0000000010000960        0x0 /usr/lib/gcc/arm-none-eabi/4.9.3/armv7-m/crtbegin.o

.bss            0x0000000010000960     0x2918 load address 0x000000000000c65e
                0x0000000010000960                _bss = .
                0x0000000010000960                __bss_start__ = .
 *(.bss*)
 .bss           0x0000000010000960       0x1c /usr/lib/gcc/arm-none-eabi/4.9.3/armv7-m/crtbegin.o
 .bss           0x000000001000097c       0xe0 bluetooth_rxtx.o
                0x000000001000097c                hop_mode
                0x000000001000097d                do_hop
                0x000000001000097e                cs_no_squelch
                0x0000000010000980                hop_direct_channel
                0x0000000010000984                clock_trim
                0x0000000010000988                idle_buf_channel
                0x000000001000098a                active_buf_channel
                0x000000001000098c                slave_mac_address
                0x0000000010000994                le_jam_count
                0x0000000010000998                data_cb
                0x000000001000099c                packet_cb
                0x00000000100009a0                rssi_iir
                0x0000000010000a3e                mode
                0x0000000010000a3f                requested_mode
                0x0000000010000a40                jam_mode
                0x0000000010000a41                ego_mode
                0x0000000010000a42                modulation
                0x0000000010000a44                requested_channel
                0x0000000010000a46                saved_request
                0x0000000010000a48                status
                0x0000000010000a49                rssi_count
                0x0000000010000a4c                rssi_sum
 .bss           0x0000000010000a5c        0xc ubertooth_usb.o
                0x0000000010000a5c                head
                0x0000000010000a60                tail
                0x0000000010000a64                last_usb_pkt
 .bss           0x0000000010000a68        0x4 ubertooth.o
 .bss           0x0000000010000a6c       0x34 usbcontrol.o
 .bss           0x0000000010000aa0        0x8 usbinit.o
 .bss           0x0000000010000aa8       0x48 usbhw_lpc.o
 .bss           0x0000000010000af0        0xd usbstdreq.o
 *(COMMON)
 *fill*         0x0000000010000afd        0x3 
 COMMON         0x0000000010000b00      0x5c8 bluetooth_rxtx.o
                0x0000000010000b00                rx_tc
                0x0000000010000b04                rssi_max
                0x0000000010000b08                le_dma_lli
                0x0000000010000bb8                rssi_min
                0x0000000010000bbc                afh_map
                0x0000000010000bc8                idle_buf_clk100ns
                0x0000000010000bcc                rx_dma_lli2
                0x0000000010000bdc                cs_timestamp
                0x0000000010000be0                keepalive_trigger
                0x0000000010000be4                clkn
                0x0000000010000be8                active_buf_clkn_high
                0x0000000010000bec                le_promisc
                0x0000000010000cf8                syncword
                0x0000000010000d00                unpacked
                0x0000000010001020                active_buf_clk100ns
                0x0000000010001024                afh_enabled
                0x0000000010001028                idle_buf_clkn_high
                0x000000001000102c                rxbuf2
                0x0000000010001060                rx_dma_lli1
                0x0000000010001070                rr
                0x0000000010001078                rxbuf1
                0x00000000100010ac                rx_err
                0x00000000100010b0                cs_trigger
                0x00000000100010b8                target
 COMMON         0x00000000100010c8       0xa8 bluetooth.o
                0x00000000100010c8                b
                0x00000000100010c9                used_channels
                0x00000000100010ca                d1
                0x00000000100010cc                afh_bank
                0x000000001000111b                a1
                0x000000001000111c                c1
                0x0000000010001120                bank
                0x000000001000116f                e
 COMMON         0x0000000010001170     0x2108 ubertooth_usb.o
                0x0000000010001170                fifo
                0x0000000010003170                abVendorReqData
                0x0000000010003274                v_req_handler
                0x0000000010003278                _ebss = .
                0x0000000010003278                __bss_end__ = .

.cr_heap        0x0000000010003278        0x0 load address 0x000000000000c65e
                0x0000000010003278                end = .
                0x0000000010003278                __end__ = .
                0x0000000010003278                _pvHeapStart = .
                0x0000000010003fe0                _StackTop = ((ORIGIN (ram) + LENGTH (ram)) - 0x20)
OUTPUT(bluetooth_rxtx.elf elf32-littlearm)

.ARM.attributes
                0x0000000000000000       0x29
 .ARM.attributes
                0x0000000000000000       0x1d /usr/lib/gcc/arm-none-eabi/4.9.3/armv7-m/crti.o
 .ARM.attributes
                0x000000000000001d       0x2d /usr/lib/gcc/arm-none-eabi/4.9.3/armv7-m/crtbegin.o
 .ARM.attributes
                0x000000000000004a       0x2d /usr/lib/gcc/arm-none-eabi/4.9.3/../../../arm-none-eabi/lib/armv7-m/libc.a(lib_a-atexit.o)
 .ARM.attributes
                0x0000000000000077       0x2d /usr/lib/gcc/arm-none-eabi/4.9.3/../../../arm-none-eabi/lib/armv7-m/libc.a(lib_a-fini.o)
 .ARM.attributes
                0x00000000000000a4       0x2d /usr/lib/gcc/arm-none-eabi/4.9.3/../../../arm-none-eabi/lib/armv7-m/libc.a(lib_a-impure.o)
 .ARM.attributes
                0x00000000000000d1       0x2d /usr/lib/gcc/arm-none-eabi/4.9.3/../../../arm-none-eabi/lib/armv7-m/libc.a(lib_a-init.o)
 .ARM.attributes
                0x00000000000000fe       0x2d /usr/lib/gcc/arm-none-eabi/4.9.3/../../../arm-none-eabi/lib/armv7-m/libc.a(lib_a-memset.o)
 .ARM.attributes
                0x000000000000012b       0x2d /usr/lib/gcc/arm-none-eabi/4.9.3/../../../arm-none-eabi/lib/armv7-m/libc.a(lib_a-__atexit.o)
 .ARM.attributes
                0x0000000000000158       0x2d /usr/lib/gcc/arm-none-eabi/4.9.3/../../../arm-none-eabi/lib/armv7-m/libc.a(lib_a-__call_atexit.o)
 .ARM.attributes
                0x0000000000000185       0x33 bluetooth_rxtx.o
 .ARM.attributes
                0x00000000000001b8       0x33 bluetooth.o
 .ARM.attributes
                0x00000000000001eb       0x33 bluetooth_le.o
 .ARM.attributes
                0x000000000000021e       0x33 ubertooth_usb.o
 .ARM.attributes
                0x0000000000000251       0x33 cc2400_rangetest.o
 .ARM.attributes
                0x0000000000000284       0x33 ego.o
 .ARM.attributes
                0x00000000000002b7       0x33 usb_serial.o
 .ARM.attributes
                0x00000000000002ea       0x33 LPC17xx_Startup.o
 .ARM.attributes
                0x000000000000031d       0x33 LPC17xx_Interrupts.o
 .ARM.attributes
                0x0000000000000350       0x33 ubertooth.o
 .ARM.attributes
                0x0000000000000383       0x33 usbcontrol.o
 .ARM.attributes
                0x00000000000003b6       0x33 usbinit.o
 .ARM.attributes
                0x00000000000003e9       0x33 usbhw_lpc.o
 .ARM.attributes
                0x000000000000041c       0x33 usbstdreq.o
 .ARM.attributes
                0x000000000000044f       0x2d /usr/lib/gcc/arm-none-eabi/4.9.3/../../../arm-none-eabi/lib/armv7-m/libc.a(lib_a-memcmp.o)
 .ARM.attributes
                0x000000000000047c       0x1b /usr/lib/gcc/arm-none-eabi/4.9.3/../../../arm-none-eabi/lib/armv7-m/libc.a(lib_a-memcpy.o)
 .ARM.attributes
                0x0000000000000497       0x2d /usr/lib/gcc/arm-none-eabi/4.9.3/../../../arm-none-eabi/lib/armv7-m/libc.a(lib_a-strlen.o)
 .ARM.attributes
                0x00000000000004c4       0x2d /usr/lib/gcc/arm-none-eabi/4.9.3/armv7-m/crtend.o
 .ARM.attributes
                0x00000000000004f1       0x1d /usr/lib/gcc/arm-none-eabi/4.9.3/armv7-m/crtn.o

.comment        0x0000000000000000       0x70
 .comment       0x0000000000000000       0x38 /usr/lib/gcc/arm-none-eabi/4.9.3/armv7-m/crtbegin.o
                                         0x39 (size before relaxing)
 .comment       0x0000000000000038       0x38 /usr/lib/gcc/arm-none-eabi/4.9.3/../../../arm-none-eabi/lib/armv7-m/libc.a(lib_a-atexit.o)
                                         0x39 (size before relaxing)
 .comment       0x0000000000000070       0x39 /usr/lib/gcc/arm-none-eabi/4.9.3/../../../arm-none-eabi/lib/armv7-m/libc.a(lib_a-fini.o)
 .comment       0x0000000000000070       0x39 /usr/lib/gcc/arm-none-eabi/4.9.3/../../../arm-none-eabi/lib/armv7-m/libc.a(lib_a-impure.o)
 .comment       0x0000000000000070       0x39 /usr/lib/gcc/arm-none-eabi/4.9.3/../../../arm-none-eabi/lib/armv7-m/libc.a(lib_a-init.o)
 .comment       0x0000000000000070       0x39 /usr/lib/gcc/arm-none-eabi/4.9.3/../../../arm-none-eabi/lib/armv7-m/libc.a(lib_a-memset.o)
 .comment       0x0000000000000070       0x39 /usr/lib/gcc/arm-none-eabi/4.9.3/../../../arm-none-eabi/lib/armv7-m/libc.a(lib_a-__atexit.o)
 .comment       0x0000000000000070       0x39 /usr/lib/gcc/arm-none-eabi/4.9.3/../../../arm-none-eabi/lib/armv7-m/libc.a(lib_a-__call_atexit.o)
 .comment       0x0000000000000070       0x39 bluetooth_rxtx.o
 .comment       0x0000000000000070       0x39 bluetooth.o
 .comment       0x0000000000000070       0x39 bluetooth_le.o
 .comment       0x0000000000000070       0x39 ubertooth_usb.o
 .comment       0x0000000000000070       0x39 cc2400_rangetest.o
 .comment       0x0000000000000070       0x39 ego.o
 .comment       0x0000000000000070       0x39 usb_serial.o
 .comment       0x0000000000000070       0x39 LPC17xx_Startup.o
 .comment       0x0000000000000070       0x39 LPC17xx_Interrupts.o
 .comment       0x0000000000000070       0x39 ubertooth.o
 .comment       0x0000000000000070       0x39 usbcontrol.o
 .comment       0x0000000000000070       0x39 usbinit.o
 .comment       0x0000000000000070       0x39 usbhw_lpc.o
 .comment       0x0000000000000070       0x39 usbstdreq.o
 .comment       0x0000000000000070       0x39 /usr/lib/gcc/arm-none-eabi/4.9.3/../../../arm-none-eabi/lib/armv7-m/libc.a(lib_a-memcmp.o)
 .comment       0x0000000000000070       0x39 /usr/lib/gcc/arm-none-eabi/4.9.3/../../../arm-none-eabi/lib/armv7-m/libc.a(lib_a-strlen.o)
 .comment       0x0000000000000070       0x39 /usr/lib/gcc/arm-none-eabi/4.9.3/armv7-m/crtend.o

.debug_info     0x0000000000000000     0x70e9
 .debug_info    0x0000000000000000      0x10a /usr/lib/gcc/arm-none-eabi/4.9.3/../../../arm-none-eabi/lib/armv7-m/libc.a(lib_a-atexit.o)
 .debug_info    0x000000000000010a       0xef /usr/lib/gcc/arm-none-eabi/4.9.3/../../../arm-none-eabi/lib/armv7-m/libc.a(lib_a-fini.o)
 .debug_info    0x00000000000001f9      0x894 /usr/lib/gcc/arm-none-eabi/4.9.3/../../../arm-none-eabi/lib/armv7-m/libc.a(lib_a-impure.o)
 .debug_info    0x0000000000000a8d      0x105 /usr/lib/gcc/arm-none-eabi/4.9.3/../../../arm-none-eabi/lib/armv7-m/libc.a(lib_a-init.o)
 .debug_info    0x0000000000000b92      0x117 /usr/lib/gcc/arm-none-eabi/4.9.3/../../../arm-none-eabi/lib/armv7-m/libc.a(lib_a-memset.o)
 .debug_info    0x0000000000000ca9      0x934 /usr/lib/gcc/arm-none-eabi/4.9.3/../../../arm-none-eabi/lib/armv7-m/libc.a(lib_a-__atexit.o)
 .debug_info    0x00000000000015dd      0x9a9 /usr/lib/gcc/arm-none-eabi/4.9.3/../../../arm-none-eabi/lib/armv7-m/libc.a(lib_a-__call_atexit.o)
 .debug_info    0x0000000000001f86     0x1a1d bluetooth_rxtx.o
 .debug_info    0x00000000000039a3      0x449 bluetooth.o
 .debug_info    0x0000000000003dec      0x5c3 bluetooth_le.o
 .debug_info    0x00000000000043af      0x4d7 ubertooth_usb.o
 .debug_info    0x0000000000004886      0x2ec cc2400_rangetest.o
 .debug_info    0x0000000000004b72      0x673 ego.o
 .debug_info    0x00000000000051e5      0x497 usb_serial.o
 .debug_info    0x000000000000567c       0xf1 LPC17xx_Startup.o
 .debug_info    0x000000000000576d       0x7d LPC17xx_Interrupts.o
 .debug_info    0x00000000000057ea      0x4dd ubertooth.o
 .debug_info    0x0000000000005cc7      0x2e8 usbcontrol.o
 .debug_info    0x0000000000005faf       0xb8 usbinit.o
 .debug_info    0x0000000000006067      0x840 usbhw_lpc.o
 .debug_info    0x00000000000068a7      0x5ad usbstdreq.o
 .debug_info    0x0000000000006e54      0x113 /usr/lib/gcc/arm-none-eabi/4.9.3/../../../arm-none-eabi/lib/armv7-m/libc.a(lib_a-memcmp.o)
 .debug_info    0x0000000000006f67       0xcd /usr/lib/gcc/arm-none-eabi/4.9.3/../../../arm-none-eabi/lib/armv7-m/libc.a(lib_a-memcpy.o)
 .debug_info    0x0000000000007034       0xb5 /usr/lib/gcc/arm-none-eabi/4.9.3/../../../arm-none-eabi/lib/armv7-m/libc.a(lib_a-strlen.o)

.debug_abbrev   0x0000000000000000     0x1f18
 .debug_abbrev  0x0000000000000000       0xb8 /usr/lib/gcc/arm-none-eabi/4.9.3/../../../arm-none-eabi/lib/armv7-m/libc.a(lib_a-atexit.o)
 .debug_abbrev  0x00000000000000b8       0xbd /usr/lib/gcc/arm-none-eabi/4.9.3/../../../arm-none-eabi/lib/armv7-m/libc.a(lib_a-fini.o)
 .debug_abbrev  0x0000000000000175      0x180 /usr/lib/gcc/arm-none-eabi/4.9.3/../../../arm-none-eabi/lib/armv7-m/libc.a(lib_a-impure.o)
 .debug_abbrev  0x00000000000002f5       0xba /usr/lib/gcc/arm-none-eabi/4.9.3/../../../arm-none-eabi/lib/armv7-m/libc.a(lib_a-init.o)
 .debug_abbrev  0x00000000000003af       0x9f /usr/lib/gcc/arm-none-eabi/4.9.3/../../../arm-none-eabi/lib/armv7-m/libc.a(lib_a-memset.o)
 .debug_abbrev  0x000000000000044e      0x20f /usr/lib/gcc/arm-none-eabi/4.9.3/../../../arm-none-eabi/lib/armv7-m/libc.a(lib_a-__atexit.o)
 .debug_abbrev  0x000000000000065d      0x285 /usr/lib/gcc/arm-none-eabi/4.9.3/../../../arm-none-eabi/lib/armv7-m/libc.a(lib_a-__call_atexit.o)
 .debug_abbrev  0x00000000000008e2      0x428 bluetooth_rxtx.o
 .debug_abbrev  0x0000000000000d0a      0x12e bluetooth.o
 .debug_abbrev  0x0000000000000e38      0x132 bluetooth_le.o
 .debug_abbrev  0x0000000000000f6a      0x1cc ubertooth_usb.o
 .debug_abbrev  0x0000000000001136       0xfe cc2400_rangetest.o
 .debug_abbrev  0x0000000000001234      0x1e4 ego.o
 .debug_abbrev  0x0000000000001418      0x1a7 usb_serial.o
 .debug_abbrev  0x00000000000015bf       0x89 LPC17xx_Startup.o
 .debug_abbrev  0x0000000000001648       0x80 LPC17xx_Interrupts.o
 .debug_abbrev  0x00000000000016c8      0x1de ubertooth.o
 .debug_abbrev  0x00000000000018a6      0x138 usbcontrol.o
 .debug_abbrev  0x00000000000019de       0xa6 usbinit.o
 .debug_abbrev  0x0000000000001a84      0x1fa usbhw_lpc.o
 .debug_abbrev  0x0000000000001c7e      0x197 usbstdreq.o
 .debug_abbrev  0x0000000000001e15       0x7f /usr/lib/gcc/arm-none-eabi/4.9.3/../../../arm-none-eabi/lib/armv7-m/libc.a(lib_a-memcmp.o)
 .debug_abbrev  0x0000000000001e94       0x14 /usr/lib/gcc/arm-none-eabi/4.9.3/../../../arm-none-eabi/lib/armv7-m/libc.a(lib_a-memcpy.o)
 .debug_abbrev  0x0000000000001ea8       0x70 /usr/lib/gcc/arm-none-eabi/4.9.3/../../../arm-none-eabi/lib/armv7-m/libc.a(lib_a-strlen.o)

.debug_loc      0x0000000000000000      0x730
 .debug_loc     0x0000000000000000       0x2c /usr/lib/gcc/arm-none-eabi/4.9.3/../../../arm-none-eabi/lib/armv7-m/libc.a(lib_a-atexit.o)
 .debug_loc     0x000000000000002c       0x5c /usr/lib/gcc/arm-none-eabi/4.9.3/../../../arm-none-eabi/lib/armv7-m/libc.a(lib_a-fini.o)
 .debug_loc     0x0000000000000088       0xae /usr/lib/gcc/arm-none-eabi/4.9.3/../../../arm-none-eabi/lib/armv7-m/libc.a(lib_a-init.o)
 .debug_loc     0x0000000000000136      0x1ae /usr/lib/gcc/arm-none-eabi/4.9.3/../../../arm-none-eabi/lib/armv7-m/libc.a(lib_a-memset.o)
 .debug_loc     0x00000000000002e4      0x197 /usr/lib/gcc/arm-none-eabi/4.9.3/../../../arm-none-eabi/lib/armv7-m/libc.a(lib_a-__atexit.o)
 .debug_loc     0x000000000000047b      0x146 /usr/lib/gcc/arm-none-eabi/4.9.3/../../../arm-none-eabi/lib/armv7-m/libc.a(lib_a-__call_atexit.o)
 .debug_loc     0x00000000000005c1      0x14e /usr/lib/gcc/arm-none-eabi/4.9.3/../../../arm-none-eabi/lib/armv7-m/libc.a(lib_a-memcmp.o)
 .debug_loc     0x000000000000070f       0x21 /usr/lib/gcc/arm-none-eabi/4.9.3/../../../arm-none-eabi/lib/armv7-m/libc.a(lib_a-strlen.o)

.debug_aranges  0x0000000000000000      0x7f8
 .debug_aranges
                0x0000000000000000       0x20 /usr/lib/gcc/arm-none-eabi/4.9.3/../../../arm-none-eabi/lib/armv7-m/libc.a(lib_a-atexit.o)
 .debug_aranges
                0x0000000000000020       0x20 /usr/lib/gcc/arm-none-eabi/4.9.3/../../../arm-none-eabi/lib/armv7-m/libc.a(lib_a-fini.o)
 .debug_aranges
                0x0000000000000040       0x18 /usr/lib/gcc/arm-none-eabi/4.9.3/../../../arm-none-eabi/lib/armv7-m/libc.a(lib_a-impure.o)
 .debug_aranges
                0x0000000000000058       0x20 /usr/lib/gcc/arm-none-eabi/4.9.3/../../../arm-none-eabi/lib/armv7-m/libc.a(lib_a-init.o)
 .debug_aranges
                0x0000000000000078       0x20 /usr/lib/gcc/arm-none-eabi/4.9.3/../../../arm-none-eabi/lib/armv7-m/libc.a(lib_a-memset.o)
 .debug_aranges
                0x0000000000000098       0x20 /usr/lib/gcc/arm-none-eabi/4.9.3/../../../arm-none-eabi/lib/armv7-m/libc.a(lib_a-__atexit.o)
 .debug_aranges
                0x00000000000000b8       0x28 /usr/lib/gcc/arm-none-eabi/4.9.3/../../../arm-none-eabi/lib/armv7-m/libc.a(lib_a-__call_atexit.o)
 .debug_aranges
                0x00000000000000e0      0x188 bluetooth_rxtx.o
 .debug_aranges
                0x0000000000000268       0x40 bluetooth.o
 .debug_aranges
                0x00000000000002a8       0x48 bluetooth_le.o
 .debug_aranges
                0x00000000000002f0       0x50 ubertooth_usb.o
 .debug_aranges
                0x0000000000000340       0x30 cc2400_rangetest.o
 .debug_aranges
                0x0000000000000370       0xc8 ego.o
 .debug_aranges
                0x0000000000000438       0x70 usb_serial.o
 .debug_aranges
                0x00000000000004a8       0x20 LPC17xx_Startup.o
 .debug_aranges
                0x00000000000004c8       0x20 LPC17xx_Interrupts.o
 .debug_aranges
                0x00000000000004e8       0xe0 ubertooth.o
 .debug_aranges
                0x00000000000005c8       0x40 usbcontrol.o
 .debug_aranges
                0x0000000000000608       0x28 usbinit.o
 .debug_aranges
                0x0000000000000630       0xf8 usbhw_lpc.o
 .debug_aranges
                0x0000000000000728       0x70 usbstdreq.o
 .debug_aranges
                0x0000000000000798       0x20 /usr/lib/gcc/arm-none-eabi/4.9.3/../../../arm-none-eabi/lib/armv7-m/libc.a(lib_a-memcmp.o)
 .debug_aranges
                0x00000000000007b8       0x20 /usr/lib/gcc/arm-none-eabi/4.9.3/../../../arm-none-eabi/lib/armv7-m/libc.a(lib_a-memcpy.o)
 .debug_aranges
                0x00000000000007d8       0x20 /usr/lib/gcc/arm-none-eabi/4.9.3/../../../arm-none-eabi/lib/armv7-m/libc.a(lib_a-strlen.o)

.debug_ranges   0x0000000000000000      0x678
 .debug_ranges  0x0000000000000000       0x10 /usr/lib/gcc/arm-none-eabi/4.9.3/../../../arm-none-eabi/lib/armv7-m/libc.a(lib_a-atexit.o)
 .debug_ranges  0x0000000000000010       0x10 /usr/lib/gcc/arm-none-eabi/4.9.3/../../../arm-none-eabi/lib/armv7-m/libc.a(lib_a-fini.o)
 .debug_ranges  0x0000000000000020       0x10 /usr/lib/gcc/arm-none-eabi/4.9.3/../../../arm-none-eabi/lib/armv7-m/libc.a(lib_a-init.o)
 .debug_ranges  0x0000000000000030       0x10 /usr/lib/gcc/arm-none-eabi/4.9.3/../../../arm-none-eabi/lib/armv7-m/libc.a(lib_a-memset.o)
 .debug_ranges  0x0000000000000040       0x10 /usr/lib/gcc/arm-none-eabi/4.9.3/../../../arm-none-eabi/lib/armv7-m/libc.a(lib_a-__atexit.o)
 .debug_ranges  0x0000000000000050       0x30 /usr/lib/gcc/arm-none-eabi/4.9.3/../../../arm-none-eabi/lib/armv7-m/libc.a(lib_a-__call_atexit.o)
 .debug_ranges  0x0000000000000080      0x178 bluetooth_rxtx.o
 .debug_ranges  0x00000000000001f8       0x30 bluetooth.o
 .debug_ranges  0x0000000000000228       0x38 bluetooth_le.o
 .debug_ranges  0x0000000000000260       0x40 ubertooth_usb.o
 .debug_ranges  0x00000000000002a0       0x20 cc2400_rangetest.o
 .debug_ranges  0x00000000000002c0       0xb8 ego.o
 .debug_ranges  0x0000000000000378       0x60 usb_serial.o
 .debug_ranges  0x00000000000003d8       0x10 LPC17xx_Startup.o
 .debug_ranges  0x00000000000003e8       0x10 LPC17xx_Interrupts.o
 .debug_ranges  0x00000000000003f8       0xd0 ubertooth.o
 .debug_ranges  0x00000000000004c8       0x30 usbcontrol.o
 .debug_ranges  0x00000000000004f8       0x18 usbinit.o
 .debug_ranges  0x0000000000000510       0xe8 usbhw_lpc.o
 .debug_ranges  0x00000000000005f8       0x60 usbstdreq.o
 .debug_ranges  0x0000000000000658       0x10 /usr/lib/gcc/arm-none-eabi/4.9.3/../../../arm-none-eabi/lib/armv7-m/libc.a(lib_a-memcmp.o)
 .debug_ranges  0x0000000000000668       0x10 /usr/lib/gcc/arm-none-eabi/4.9.3/../../../arm-none-eabi/lib/armv7-m/libc.a(lib_a-strlen.o)

.debug_line     0x0000000000000000     0x2fb1
 .debug_line    0x0000000000000000       0xc1 /usr/lib/gcc/arm-none-eabi/4.9.3/../../../arm-none-eabi/lib/armv7-m/libc.a(lib_a-atexit.o)
 .debug_line    0x00000000000000c1       0x9c /usr/lib/gcc/arm-none-eabi/4.9.3/../../../arm-none-eabi/lib/armv7-m/libc.a(lib_a-fini.o)
 .debug_line    0x000000000000015d       0xf1 /usr/lib/gcc/arm-none-eabi/4.9.3/../../../arm-none-eabi/lib/armv7-m/libc.a(lib_a-impure.o)
 .debug_line    0x000000000000024e       0xb6 /usr/lib/gcc/arm-none-eabi/4.9.3/../../../arm-none-eabi/lib/armv7-m/libc.a(lib_a-init.o)
 .debug_line    0x0000000000000304      0x119 /usr/lib/gcc/arm-none-eabi/4.9.3/../../../arm-none-eabi/lib/armv7-m/libc.a(lib_a-memset.o)
 .debug_line    0x000000000000041d      0x19c /usr/lib/gcc/arm-none-eabi/4.9.3/../../../arm-none-eabi/lib/armv7-m/libc.a(lib_a-__atexit.o)
 .debug_line    0x00000000000005b9      0x1c5 /usr/lib/gcc/arm-none-eabi/4.9.3/../../../arm-none-eabi/lib/armv7-m/libc.a(lib_a-__call_atexit.o)
 .debug_line    0x000000000000077e      0xde7 bluetooth_rxtx.o
 .debug_line    0x0000000000001565      0x203 bluetooth.o
 .debug_line    0x0000000000001768      0x17e bluetooth_le.o
 .debug_line    0x00000000000018e6      0x163 ubertooth_usb.o
 .debug_line    0x0000000000001a49      0x29c cc2400_rangetest.o
 .debug_line    0x0000000000001ce5      0x2ed ego.o
 .debug_line    0x0000000000001fd2      0x1d7 usb_serial.o
 .debug_line    0x00000000000021a9       0x8e LPC17xx_Startup.o
 .debug_line    0x0000000000002237       0x49 LPC17xx_Interrupts.o
 .debug_line    0x0000000000002280      0x3ab ubertooth.o
 .debug_line    0x000000000000262b       0xed usbcontrol.o
 .debug_line    0x0000000000002718       0x5c usbinit.o
 .debug_line    0x0000000000002774      0x3a9 usbhw_lpc.o
 .debug_line    0x0000000000002b1d      0x1d9 usbstdreq.o
 .debug_line    0x0000000000002cf6      0x10e /usr/lib/gcc/arm-none-eabi/4.9.3/../../../arm-none-eabi/lib/armv7-m/libc.a(lib_a-memcmp.o)
 .debug_line    0x0000000000002e04       0xbb /usr/lib/gcc/arm-none-eabi/4.9.3/../../../arm-none-eabi/lib/armv7-m/libc.a(lib_a-memcpy.o)
 .debug_line    0x0000000000002ebf       0xf2 /usr/lib/gcc/arm-none-eabi/4.9.3/../../../arm-none-eabi/lib/armv7-m/libc.a(lib_a-strlen.o)

.debug_str      0x0000000000000000     0x29dc
 .debug_str     0x0000000000000000      0x1b8 /usr/lib/gcc/arm-none-eabi/4.9.3/../../../arm-none-eabi/lib/armv7-m/libc.a(lib_a-atexit.o)
                                        0x1f8 (size before relaxing)
 .debug_str     0x00000000000001b8       0xca /usr/lib/gcc/arm-none-eabi/4.9.3/../../../arm-none-eabi/lib/armv7-m/libc.a(lib_a-fini.o)
                                        0x1f0 (size before relaxing)
 .debug_str     0x0000000000000282      0x425 /usr/lib/gcc/arm-none-eabi/4.9.3/../../../arm-none-eabi/lib/armv7-m/libc.a(lib_a-impure.o)
                                        0x58c (size before relaxing)
 .debug_str     0x00000000000006a7       0x8a /usr/lib/gcc/arm-none-eabi/4.9.3/../../../arm-none-eabi/lib/armv7-m/libc.a(lib_a-init.o)
                                        0x21a (size before relaxing)
 .debug_str     0x0000000000000731       0xae /usr/lib/gcc/arm-none-eabi/4.9.3/../../../arm-none-eabi/lib/armv7-m/libc.a(lib_a-memset.o)
                                        0x1cf (size before relaxing)
 .debug_str     0x00000000000007df       0x30 /usr/lib/gcc/arm-none-eabi/4.9.3/../../../arm-none-eabi/lib/armv7-m/libc.a(lib_a-__atexit.o)
                                        0x5d4 (size before relaxing)
 .debug_str     0x000000000000080f       0x81 /usr/lib/gcc/arm-none-eabi/4.9.3/../../../arm-none-eabi/lib/armv7-m/libc.a(lib_a-__call_atexit.o)
                                        0x5ec (size before relaxing)
 .debug_str     0x0000000000000890     0x1104 bluetooth_rxtx.o
                                       0x12d2 (size before relaxing)
 .debug_str     0x0000000000001994       0xae bluetooth.o
                                        0x2ce (size before relaxing)
 .debug_str     0x0000000000001a42       0xb0 bluetooth_le.o
                                        0x459 (size before relaxing)
 .debug_str     0x0000000000001af2      0x126 ubertooth_usb.o
                                        0x3bb (size before relaxing)
 .debug_str     0x0000000000001c18       0x53 cc2400_rangetest.o
                                        0x2a9 (size before relaxing)
 .debug_str     0x0000000000001c6b      0x20e ego.o
                                        0x5c6 (size before relaxing)
 .debug_str     0x0000000000001e79      0x14f usb_serial.o
                                        0x374 (size before relaxing)
 .debug_str     0x0000000000001fc8       0x51 LPC17xx_Startup.o
                                        0x1dc (size before relaxing)
 .debug_str     0x0000000000002019       0x47 LPC17xx_Interrupts.o
                                        0x155 (size before relaxing)
 .debug_str     0x0000000000002060      0x13f ubertooth.o
                                        0x317 (size before relaxing)
 .debug_str     0x000000000000219f       0xcc usbcontrol.o
                                        0x268 (size before relaxing)
 .debug_str     0x000000000000226b       0x2e usbinit.o
                                        0x168 (size before relaxing)
 .debug_str     0x0000000000002299      0x3d2 usbhw_lpc.o
                                        0x585 (size before relaxing)
 .debug_str     0x000000000000266b      0x295 usbstdreq.o
                                        0x43b (size before relaxing)
 .debug_str     0x0000000000002900       0x35 /usr/lib/gcc/arm-none-eabi/4.9.3/../../../arm-none-eabi/lib/armv7-m/libc.a(lib_a-memcmp.o)
                                        0x1bb (size before relaxing)
 .debug_str     0x0000000000002935       0xa7 /usr/lib/gcc/arm-none-eabi/4.9.3/../../../arm-none-eabi/lib/armv7-m/libc.a(lib_a-strlen.o)
                                        0x1c8 (size before relaxing)

.debug_frame    0x0000000000000000     0x1c50
 .debug_frame   0x0000000000000000       0x20 /usr/lib/gcc/arm-none-eabi/4.9.3/../../../arm-none-eabi/lib/armv7-m/libc.a(lib_a-atexit.o)
 .debug_frame   0x0000000000000020       0x34 /usr/lib/gcc/arm-none-eabi/4.9.3/../../../arm-none-eabi/lib/armv7-m/libc.a(lib_a-fini.o)
 .debug_frame   0x0000000000000054       0x2c /usr/lib/gcc/arm-none-eabi/4.9.3/../../../arm-none-eabi/lib/armv7-m/libc.a(lib_a-init.o)
 .debug_frame   0x0000000000000080       0x34 /usr/lib/gcc/arm-none-eabi/4.9.3/../../../arm-none-eabi/lib/armv7-m/libc.a(lib_a-memset.o)
 .debug_frame   0x00000000000000b4       0x34 /usr/lib/gcc/arm-none-eabi/4.9.3/../../../arm-none-eabi/lib/armv7-m/libc.a(lib_a-__atexit.o)
 .debug_frame   0x00000000000000e8       0x50 /usr/lib/gcc/arm-none-eabi/4.9.3/../../../arm-none-eabi/lib/armv7-m/libc.a(lib_a-__call_atexit.o)
 .debug_frame   0x0000000000000138      0x6dc bluetooth_rxtx.o
 .debug_frame   0x0000000000000814       0xe4 bluetooth.o
 .debug_frame   0x00000000000008f8      0x100 bluetooth_le.o
 .debug_frame   0x00000000000009f8      0x124 ubertooth_usb.o
 .debug_frame   0x0000000000000b1c       0x9c cc2400_rangetest.o
 .debug_frame   0x0000000000000bb8      0x350 ego.o
 .debug_frame   0x0000000000000f08      0x1a4 usb_serial.o
 .debug_frame   0x00000000000010ac       0x30 LPC17xx_Startup.o
 .debug_frame   0x00000000000010dc       0x2c LPC17xx_Interrupts.o
 .debug_frame   0x0000000000001108      0x398 ubertooth.o
 .debug_frame   0x00000000000014a0       0xd8 usbcontrol.o
 .debug_frame   0x0000000000001578       0x54 usbinit.o
 .debug_frame   0x00000000000015cc      0x464 usbhw_lpc.o
 .debug_frame   0x0000000000001a30      0x1c8 usbstdreq.o
 .debug_frame   0x0000000000001bf8       0x38 /usr/lib/gcc/arm-none-eabi/4.9.3/../../../arm-none-eabi/lib/armv7-m/libc.a(lib_a-memcmp.o)
 .debug_frame   0x0000000000001c30       0x20 /usr/lib/gcc/arm-none-eabi/4.9.3/../../../arm-none-eabi/lib/armv7-m/libc.a(lib_a-strlen.o)
